23 bai ca (cap 1..5) can do

[1/23] Lê Dương Bắc Đàn Cá Cấp 1 (1995,1869)
    -> Cá Chạch
[2/23] Lê Dương Bắc Đàn Cá Cấp 1 (1560,1843)
      (lan 1: chua bat duoc gi)
      (lan 2: chua bat duoc gi)
      (lan 3: chua bat duoc gi)
      (lan 4: chua bat duoc gi)
      (lan 5: chua bat duoc gi)
      (lan 6: chua bat duoc gi)
    -> (chua doc duoc)
[3/23] Lê Dương Bắc Đàn Cá Cấp 1 (63,1707)
      (lan 1: chua bat duoc gi)
      (lan 2: chua bat duoc gi)
      (lan 3: chua bat duoc gi)
      (lan 4: chua bat duoc gi)
      (lan 5: chua bat duoc gi)
      (lan 6: chua bat duoc gi)
    -> (chua doc duoc)
[4/23] Đông Xuất Vân Đàn Cá Cấp 1 (698,614)
      (lan 1: chua bat duoc gi)
      (lan 2: chua bat duoc gi)
      (lan 3: chua bat duoc gi)
      (lan 4: chua bat duoc gi)
      (lan 5: chua bat duoc gi)
      (lan 6: chua bat duoc gi)
    -> (chua doc duoc)
[5/23] Đông Xuất Vân Đàn Cá Cấp 1 (1759,594)
      (lan 1: chua bat duoc gi)
      (lan 2: chua bat duoc gi)
      (lan 3: chua bat duoc gi)
      (lan 4: chua bat duoc gi)
      (lan 5: chua bat duoc gi)
      (lan 6: chua bat duoc gi)
    -> (chua doc duoc)
[6/23] Đông Xuất Vân Đàn Cá Cấp 1 (2135,1041)
      (lan 1: chua bat duoc gi)
      (lan 2: chua bat duoc gi)
      (lan 3: chua bat duoc gi)
      (lan 4: chua bat duoc gi)
      (lan 5: chua bat duoc gi)
      (lan 6: chua bat duoc gi)
    -> (chua doc duoc)
[7/23] Đông Xuất Vân Đàn Cá Cấp 1 (1899,273)
    -> Cá B
[8/23] Đông Xuất Vân Đàn Cá Cấp 1 (1371,834)
