plans: [('acc_5', ['ĐIÊU KHẮC', 'LẬT THẺ BÀI', 'PHỤ BẢN', 'HÀNH LANG', 'THẦN TU', 'TU HÀNH']), ('acc_2', ['ĐIÊU KHẮC', 'LẬT THẺ BÀI', 'PHỤ BẢN', 'HÀNH LANG', 'THẦN TU', 'TU HÀNH'])]
{"type": "log", "msg": "Daily luvy: client chưa mở, đang đăng nhập trước bước ĐIÊU KHẮC..."}
{"type": "log", "msg": "[AUTO_START] WAIT_WINDOW attempt=1 pass=0 pid=12412 Flash launched at original size"}
{"type": "log", "msg": "[AUTO_START] START_CLICKED attempt=1 pass=0 pid=12412 Bắt đầu"}
{"type": "log", "msg": "Đã bắt đầu Daily theo cấu hình riêng: acc_5, acc_2"}
{"type": "log", "msg": "[AUTO_START] RETRY_START attempt=1 pass=0 pid=12412 chua thay chon kenh, bam lai Bat dau"}
{"type": "log", "msg": "[AUTO_START] START_CLICKED attempt=1 pass=0 pid=12412 Bắt đầu"}
{"type": "log", "msg": "[AUTO_START] CHANNEL_SELECTED attempt=1 pass=0 pid=12412 channel=(465, 291) choices=2"}
{"type": "log", "msg": "Daily xong bước ĐIÊU KHẮC: đã bấm Đổi miễn phí và xác nhận Có trong KGĐK"}
{"type": "log", "msg": "Daily xong bước LẬT THẺ BÀI: panel Thẻ bài đã mở nhưng không thấy nút Bắt đầu phát bài (có thể đã hết lượt phát bài hôm nay)"}
{"type": "log", "msg": "[DUNGEON] Auto PB toolbar scan arrow=NutXuong.png score=0.990 box=(313, 28, 21, 23)"}
{"type": "log", "msg": "[DUNGEON] Auto PB panel visible after guarded toolbar click"}
{"type": "log", "msg": "[DUNGEON] Claim Mê Huyễn Động: button score=0.940 box=(202, 177, 60, 19) evidence=C:\\Users\\Administrator\\Desktop\\New folder\\fbh_v2_ttt_fixed-20260709T181609Z-2-001\\fbh_multi_account_infinite_auto\\dev_supervisor_target_a_v2_20260814\\logs\\auto_pb_claim_13288_Mê Huyễn Động_1787628965.png"}
{"type": "log", "msg": "[DUNGEON] Claim Mê Huyễn Động: readback start PASS"}
{"type": "log", "msg": "[DUNGEON] Claim Kho Báu Đại Mạc: button score=1.000 box=(428, 177, 60, 19) evidence=C:\\Users\\Administrator\\Desktop\\New folder\\fbh_v2_ttt_fixed-20260709T181609Z-2-001\\fbh_multi_account_infinite_auto\\dev_supervisor_target_a_v2_20260814\\logs\\auto_pb_claim_13288_Kho Báu Đại Mạc_1787628969.png"}
{"type": "log", "msg": "[DUNGEON] Claim Kho Báu Đại Mạc: readback start PASS"}
{"type": "log", "msg": "[DUNGEON] Claim Lục Tiên Cảnh: button score=1.000 box=(654, 177, 60, 19) evidence=C:\\Users\\Administrator\\Desktop\\New folder\\fbh_v2_ttt_fixed-20260709T181609Z-2-001\\fbh_multi_account_infinite_auto\\dev_supervisor_target_a_v2_20260814\\logs\\auto_pb_claim_13288_Lục Tiên Cảnh_1787628973.png"}
{"type": "log", "msg": "[DUNGEON] Claim Lục Tiên Cảnh: readback start PASS"}
{"type": "log", "msg": "Daily PHỤ BẢN lượt đầu: Lục Tiên Cảnh: không mở được đúng page Auto PB"}
{"type": "log", "msg": "Daily dừng tại PHỤ BẢN: Lục Tiên Cảnh: không mở được đúng page Auto PB"}
{"type": "log", "msg": "[AUTO_START] FAILED_CLOSED attempt=1 pass=0 pid=12412 timeout before rooted map"}
{"type": "log", "msg": "Daily luvy: đăng nhập lần 1 chưa vào map; thử lại."}
{"type": "log", "msg": "[AUTO_START] WAIT_WINDOW attempt=1 pass=0 pid=15072 Flash launched at original size"}
{"type": "log", "msg": "[AUTO_START] START_CLICKED attempt=1 pass=0 pid=15072 Bắt đầu"}
{"type": "log", "msg": "[AUTO_START] RETRY_START attempt=1 pass=0 pid=15072 chua thay chon kenh, bam lai Bat dau"}
{"type": "log", "msg": "[AUTO_START] START_CLICKED attempt=1 pass=0 pid=15072 Bắt đầu"}
{"type": "log", "msg": "[AUTO_START] RETRY_AFTER_ALERT attempt=1 pass=0 pid=15072 lan 1/5: nut=0.305 hthoai=0.117"}
{"type": "log", "msg": "[AUTO_START] START_CLICKED attempt=1 pass=0 pid=15072 Bắt đầu"}
{"type": "log", "msg": "[AUTO_START] RETRY_AFTER_ALERT attempt=1 pass=0 pid=15072 lan 2/5: nut=0.305 hthoai=0.117"}
{"type": "log", "msg": "[AUTO_START] START_CLICKED attempt=1 pass=0 pid=15072 Bắt đầu"}
{"type": "log", "msg": "[AUTO_START] RETRY_START attempt=1 pass=0 pid=15072 chua thay chon kenh, bam lai Bat dau"}
{"type": "log", "msg": "[AUTO_START] START_CLICKED attempt=1 pass=0 pid=15072 Bắt đầu"}
{"type": "log", "msg": "[AUTO_START] CHANNEL_SELECTED attempt=1 pass=0 pid=15072 channel=(449, 308) choices=1"}
{"type": "log", "msg": "[AUTO_START] ENTER_GAME_CLICKED attempt=1 pass=0 pid=15072 character_slot=1 slot_verified=True"}
{"type": "log", "msg": "[AUTO_START] MAP_READY_OPEN attempt=1 pass=0 pid=15072 Player=0x1cba20a0 Core=0x158900d0 world=(3100,1583)"}
{"type": "log", "msg": "[POPUP] đã đóng cache_notice"}
{"type": "log", "msg": "Daily xong bước ĐIÊU KHẮC: đã bấm Đổi miễn phí và xác nhận Có trong KGĐK"}
{"type": "log", "msg": "[POPUP] đã đóng cache_notice"}
{"type": "log", "msg": "Daily xong bước LẬT THẺ BÀI: panel Thẻ bài đã mở nhưng không thấy nút Bắt đầu phát bài (có thể đã hết lượt phát bài hôm nay)"}
{"type": "log", "msg": "[DUNGEON] NPC open attempt 1: exact NPC count=0"}
{"type": "log", "msg": "[DUNGEON] NPC open attempt 2: exact NPC count=0"}
{"type": "log", "msg": "Daily PHỤ BẢN lượt đầu: Kho Báu Đại Mạc: Xong qua memory chưa có readback"}
{"type": "log", "msg": "Daily dừng tại PHỤ BẢN: Kho Báu Đại Mạc: Xong qua memory chưa có readback"}
DONE, alive= []
