tasks: ['VIP', 'ĐIÊU KHẮC', 'PHỤ BẢN', 'HÀNH LANG', 'TU HÀNH']
{"type": "log", "msg": "Đã bắt đầu Daily theo cấu hình riêng: acc_1"}
{"type": "log", "msg": "Daily xong bước VIP: đã thử claim 5/5 dòng VIP"}
{"type": "log", "msg": "Daily xong bước NHẬN THỜI TRANG: đã bấm Rút thưởng nhưng không thấy popup Chúc mừng — có thể lượt miễn phí hôm nay đã dùng, không tính là đã nhận"}
{"type": "log", "msg": "Daily xong bước ĐIÊU KHẮC: đã bấm Đổi miễn phí và xác nhận Có trong KGĐK"}
{"type": "log", "msg": "[DUNGEON] Auto PB toolbar scan arrow=NutXuong.png score=0.474 box=(314, 25, 21, 23)"}
{"type": "log", "msg": "[DUNGEON] Auto PB toolbar scan arrow=NutLen.png score=0.474 box=(314, 25, 21, 23)"}
{"type": "log", "msg": "[DUNGEON] Auto PB toolbar scan arrow=NutLen.png score=0.478 box=(409, 35, 21, 23)"}
{"type": "log", "msg": "[DUNGEON] Auto PB toolbar scan arrow=NutLen.png score=0.990 box=(363, 28, 21, 23)"}
{"type": "log", "msg": "[DUNGEON] Auto PB panel visible after guarded toolbar click"}
{"type": "log", "msg": "[DUNGEON] Claim Liệt Diễm Thâm Uyên: button score=0.940 box=(202, 280, 60, 19) evidence=C:\\Users\\Administrator\\Desktop\\New folder\\fbh_v2_ttt_fixed-20260709T181609Z-2-001\\fbh_multi_account_infinite_auto\\dev_supervisor_target_a_v2_20260814\\logs\\auto_pb_claim_14960_Liệt Diễm Thâm Uyên_1787628061.png"}
{"type": "log", "msg": "[DUNGEON] Claim Liệt Diễm Thâm Uyên: readback start PASS"}
{"type": "log", "msg": "[DUNGEON] Claim Thám Hiểm: button score=1.000 box=(428, 177, 60, 19) evidence=C:\\Users\\Administrator\\Desktop\\New folder\\fbh_v2_ttt_fixed-20260709T181609Z-2-001\\fbh_multi_account_infinite_auto\\dev_supervisor_target_a_v2_20260814\\logs\\auto_pb_claim_14960_Thám Hiểm_1787628065.png"}
{"type": "log", "msg": "[DUNGEON] Claim Thám Hiểm: readback start PASS"}
{"type": "log", "msg": "[POPUP] chặn popup/panel chưa nhận diện có X tại (798, 78); không đóng"}
{"type": "log", "msg": "Daily PHỤ BẢN lượt đầu: Liệt Diễm Thâm Uyên:claim; Thám Hiểm:claim; Thám Hiểm:start"}
{"type": "log", "msg": "Daily xong bước PHỤ BẢN: Liệt Diễm Thâm Uyên:claim; Thám Hiểm:claim; Thám Hiểm:start"}
{"type": "log", "msg": "Daily xong bước HÀNH LANG: đã bấm Nhận Quà Hàng Ngày tại Hành Lang"}
{"type": "log", "msg": "Daily xong bước TU HÀNH: đã bấm đúng Bắt đầu → Có cho TU HÀNH"}
{"type": "log", "msg": "Daily: đã đóng Flash sau Auto phụ bản checkpoint 1; chờ 20 phút."}
{"type": "log", "msg": "Daily CB: client chưa mở, đang đăng nhập trước bước mở lại sau Auto phụ bản checkpoint 1..."}
{"type": "log", "msg": "[AUTO_START] WAIT_WINDOW attempt=1 pass=0 pid=2600 Flash launched at original size"}
{"type": "log", "msg": "[AUTO_START] START_CLICKED attempt=1 pass=0 pid=2600 Bắt đầu"}
{"type": "log", "msg": "[AUTO_START] RETRY_START attempt=1 pass=0 pid=2600 chua thay chon kenh, bam lai Bat dau"}
{"type": "log", "msg": "[AUTO_START] START_CLICKED attempt=1 pass=0 pid=2600 Bắt đầu"}
{"type": "log", "msg": "[AUTO_START] CHANNEL_SELECTED attempt=1 pass=0 pid=2600 channel=(449, 308) choices=1"}
{"type": "log", "msg": "[AUTO_START] ENTER_GAME_CLICKED attempt=1 pass=0 pid=2600 character_slot=1 slot_verified=True"}
{"type": "log", "msg": "[AUTO_START] MAP_READY_OPEN attempt=1 pass=0 pid=2600 Player=0x1ad220a0 Core=0xbdd10d0 world=(2213,401)"}
{"type": "log", "msg": "[POPUP] đã đóng cache_notice"}
{"type": "log", "msg": "[DUNGEON] Auto PB toolbar scan arrow=NutXuong.png score=0.990 box=(363, 28, 21, 23)"}
{"type": "log", "msg": "[DUNGEON] Auto PB panel visible after guarded toolbar click"}
{"type": "log", "msg": "Daily PHỤ BẢN checkpoint độc lập 1 (20 phút): đang chờ: Thám Hiểm"}
{"type": "log", "msg": "[DUNGEON] Auto PB toolbar scan arrow=NutXuong.png score=0.990 box=(363, 28, 21, 23)"}
{"type": "log", "msg": "[DUNGEON] Auto PB panel visible after guarded toolbar click"}
{"type": "log", "msg": "Daily PHỤ BẢN checkpoint độc lập 1 (20 phút): đang chờ: Thám Hiểm"}
{"type": "log", "msg": "[DUNGEON] Auto PB toolbar scan arrow=NutXuong.png score=0.981 box=(363, 28, 21, 23)"}
{"type": "log", "msg": "[DUNGEON] Auto PB panel visible after guarded toolbar click"}
{"type": "log", "msg": "Daily PHỤ BẢN checkpoint độc lập 1 (20 phút): đang chờ: Thám Hiểm"}
{"type": "log", "msg": "[DUNGEON] Auto PB toolbar scan arrow=NutXuong.png score=0.990 box=(363, 28, 21, 23)"}
{"type": "log", "msg": "[DUNGEON] Auto PB panel visible after guarded toolbar click"}
{"type": "log", "msg": "Daily PHỤ BẢN checkpoint độc lập 1 (20 phút): đang chờ: Thám Hiểm"}
{"type": "log", "msg": "[DUNGEON] Auto PB toolbar scan arrow=NutXuong.png score=0.990 box=(363, 28, 21, 23)"}
{"type": "log", "msg": "[DUNGEON] Auto PB panel visible after guarded toolbar click"}
{"type": "log", "msg": "Daily PHỤ BẢN checkpoint độc lập 1 (20 phút): đang chờ: Thám Hiểm"}
{"type": "log", "msg": "[DUNGEON] Auto PB toolbar scan arrow=NutXuong.png score=0.990 box=(363, 28, 21, 23)"}
{"type": "log", "msg": "[DUNGEON] Auto PB panel visible after guarded toolbar click"}
{"type": "log", "msg": "[DUNGEON] Claim Thám Hiểm: button score=1.000 box=(428, 177, 60, 19) evidence=C:\\Users\\Administrator\\Desktop\\New folder\\fbh_v2_ttt_fixed-20260709T181609Z-2-001\\fbh_multi_account_infinite_auto\\dev_supervisor_target_a_v2_20260814\\logs\\auto_pb_claim_2600_Thám Hiểm_1787629524.png"}
{"type": "log", "msg": "[DUNGEON] Claim Thám Hiểm: readback start PASS"}
{"type": "log", "msg": "Daily PHỤ BẢN checkpoint độc lập 1 (20 phút): Thám Hiểm:claim"}
{"type": "log", "msg": "Daily hoàn tất đúng plan snapshot: VIP, NHẬN THỜI TRANG, ĐIÊU KHẮC, PHỤ BẢN, HÀNH LANG, TU HÀNH"}
DONE, alive= []
