18 map theo bang BMx (cap 1..7)

[1/18] Anh Vũ Cảnh: da co, bo qua
[2/18] Băng Tuyết Nguyên  (BMx: dược cấp 6)
      [cho dung] +1 bai (tong 1)
      (duoc thao ra ngau nhien — mot bai la du)
    1 bai tren map nay
    [1/1] Dược Thảo Cấp 6 (2100,1200)
        (chi ghi vi tri, khong thu hoach)
[3/18] Cổ Đạo: da co, bo qua
[4/18] Kỳ Thạch Địa  (BMx: dược cấp 7)
      ra (1700,740): (1658,770) toi noi
      ra (1950,420): (1921,455) toi noi
      ra (1300,260): (1345,274) toi noi
      ra (2470,660): (2370,563) toi noi
      ra (1100,1800): (1295,1607) toi noi
      ra (230,1320): (277,1332) toi noi
      ra (760,100): (737,151) toi noi
      ra (2460,800): (2327,749) toi noi
      ra (300,460): (408,474) toi noi
      ra (1730,1240): (1648,1192) toi noi
    khong co bai Duoc Thao / Dan Ca tren map nay
[5/18] Kỵ Bình Nguyên  (BMx: dược cấp 2)
