1 map theo bang BMx (cap 1..5)

[1/1] Lê Dương Bắc  (BMx: cá cấp 1, dược cấp 1)
      ra (100,990): (391,922) toi noi
      ra (430,1750): (424,1646) toi noi
      ra (200,1760): (452,1785) toi noi
      ra (1410,350): (1272,553) toi noi
      ra (2240,220): (1983,307) toi noi
      ra (1440,1850): (1455,1807) toi noi
      ra (1020,1480): (1056,1508) toi noi
      ra (1570,580): (1545,624) toi noi
      ra (2650,1660): (2602,1615) toi noi
      ra (2280,1670): (2338,1659) toi noi
      ra (470,790): (511,809) toi noi
      ra (750,930): (511,809) toi noi
      ra (2560,1590): (2506,1569) toi noi
      ra (2820,530): (2806,574) toi noi
      ra (1670,1880): (1852,1666) toi noi
      ra (2150,470): (2131,540) toi noi
      ra (3000,1240): (2949,1200) toi noi
    khong co bai Duoc Thao / Dan Ca tren map nay

===== KET QUA =====
  Dược Thảo Cấp 1      Đông Xuất Vân        (2100,1200)  ->  Mạn Thủy Đằng
  Dược Thảo Cấp 3      Anh Vũ Cảnh          (2100,1200)  ->  ?
  Dược Thảo Cấp 2      Lê Dương Đảo         (2100,1200)  ->  ?
  Dược Thảo Cấp 4      Tháp Khắc Nguyên     (2100,1200)  ->  ?
  (khong co bai)       Lê Dương Bắc        

-> C:\Users\Administrator\Desktop\New folder\fbh_v2_ttt_fixed-20260709T181609Z-2-001\fbh_multi_account_infinite_auto\dev_supervisor_target_a_v2_20260814\configs\spot_products.json
