1 map theo bang BMx (cap 1..5)

[1/1] Lê Dương Bắc  (BMx: cá cấp 1, dược cấp 1)
      [cho dung] +5 bai (tong 5)
      ra (100,990): (305,1023) toi noi
      ra (430,1750): (416,1682) toi noi
      ra (200,1760): (452,1785) toi noi
      ra (1410,350): (1273,549) toi noi
      ra (2240,220): (1936,321) duong thang bi chan: 2 chang lien khong di duoc
      ra (1440,1850): (1461,1775) toi noi
      ra (1020,1480): (1058,1506) toi noi
      ra (1570,580): (1541,631) toi noi
      ra (2650,1660): (2608,1624) toi noi
      ra (2280,1670): (2329,1661) toi noi
      ra (470,790): (511,810) toi noi
      ra (750,930): (511,810) toi noi
      ra (2560,1590): (2490,1562) toi noi
      ra (2820,530): (2806,573) toi noi
      ra (1670,1880): (1863,1653) toi noi
      ra (2150,470): (2139,514) toi noi
      ra (3000,1240): (2965,1210) toi noi
    5 bai tren map nay
    [1/5] Đàn Cá Cấp 1 (579,1777)
        -> RA: Cá Chạch, ng
    [2/5] Đàn Cá Cấp 1 (63,1707)
      (lan 1: chua nhan duoc gi)
      (lan 2: chua nhan duoc gi)
      (lan 3: chua nhan duoc gi)
      (lan 4: chua nhan duoc gi)
      (lan 5: chua nhan duoc gi)
      (lan 6: chua nhan duoc gi)
      (lan 7: chua nhan duoc gi)
      (lan 8: chua nhan duoc gi)
        -> RA: (chua doc duoc)
    [3/5] Đàn Cá Cấp 1 (1560,1843)
      (lan 1: chua nhan duoc gi)
      (lan 2: chua nhan duoc gi)
      (lan 3: chua nhan duoc gi)
      (lan 4: chua nhan duoc gi)
      (lan 5: chua nhan duoc gi)
      (lan 6: chua nhan duoc gi)
      (lan 7: chua nhan duoc gi)
      (lan 8: chua nhan duoc gi)
        -> RA: (chua doc duoc)
    [4/5] Đàn Cá Cấp 1 (1995,1869)
