9 map theo bang BMx (cap 1..5)

[1/9] Anh Vũ Cảnh  (BMx: dược cấp 3)
      [cho dung] +1 bai (tong 1)
      (duoc thao ra ngau nhien — mot bai la du)
    1 bai tren map nay
    [1/1] Dược Thảo Cấp 3 (2100,1200)
        -> RA: (chua doc duoc)
[2/9] Cổ Đạo  (BMx: dược cấp 5)
      ra (340,390): (456,430) toi noi
      ra (2720,450): (2621,448) toi noi
      ra (1390,490): (1499,484) toi noi
      ra (2970,670): (2840,651) toi noi
      ra (2190,990): (2353,902) toi noi
      ra (1670,1200): (1856,1118) toi noi
      ra (380,1220): (430,1213) toi noi
      ra (1570,1570): (1526,1555) toi noi
      ra (1700,1620): (1526,1555) toi noi
      ra (1920,1810): (1881,1785) toi noi
      ra (2670,1860): (2622,1853) toi noi
      ra (400,1870): (445,1869) toi noi
    khong co bai Duoc Thao / Dan Ca tren map nay
[3/9] Lê Dương Bắc  (BMx: cá cấp 1, dược cấp 1)
      ra (100,990): (225,960) toi noi
      ra (430,1750): (389,1595) toi noi
      ra (200,1760): (389,1595) toi noi
      ra (1410,350): (1339,434) toi noi
      ra (2240,220): (1984,279) toi noi
      ra (1440,1850): (1468,1765) toi noi
      ra (1020,1480): (1102,1532) toi noi
      ra (1570,580): (1522,673) toi noi
      ra (2650,1660): (2433,1469) toi noi
      ra (2280,1670): (2433,1469) toi noi
      ra (470,790): (597,831) toi noi
      ra (750,930): (597,831) toi noi
      ra (2560,1590): (2323,1497) toi noi
      ra (2820,530): (2775,612) toi noi
      ra (1670,1880): (1748,1788) toi noi
      ra (2150,470): (2103,611) toi noi
      ra (3000,1240): (2895,1166) toi noi
    khong co bai Duoc Thao / Dan Ca tren map nay
[4/9] Lê Dương Thôn  (BMx: cá cấp 4, dược cấp 4)
      ra (310,250): (450,373) toi noi
      ra (1090,490): (983,468) toi noi
      ra (1850,1000): (1793,968) toi noi
      ra (340,430): (435,478) toi noi
      ra (820,530): (721,515) toi noi
      ra (1900,700): (1799,683) toi noi
      ra (1200,810): (1277,793) toi noi
      ra (1580,1260): (1545,1206) toi noi
      ra (320,1260): (390,1255) toi noi
      ra (990,1340): (906,1327) toi noi
      ra (220,1580): (306,1547) toi noi
      ra (1500,1640): (1432,1633) toi noi
    khong co bai Duoc Thao / Dan Ca tren map nay
[5/9] Lê Dương Đảo  (BMx: dược cấp 2)
      [cho dung] +1 bai (tong 1)
      (duoc thao ra ngau nhien — mot bai la du)
    1 bai tren map nay
    [1/1] Dược Thảo Cấp 2 (2100,1200)
        -> RA: (chua doc duoc)
[6/9] Quang Bình Nguyên  (BMx: cá cấp 3)
      ra (680,480): (636,483) toi noi
      ra (1600,1110): (1561,1086) toi noi
      ra (670,1170): (736,1168) toi noi
    khong co bai Duoc Thao / Dan Ca tren map nay
[7/9] Thiên Lục Châu  (BMx: cá cấp 2)
      ra (1430,310): (1433,358) toi noi
      ra (2080,890): (2040,857) toi noi
      ra (2180,1080): (2043,1131) toi noi
    khong co bai Duoc Thao / Dan Ca tren map nay
[8/9] Tháp Khắc Nguyên  (BMx: dược cấp 4)
      [cho dung] +1 bai (tong 1)
      (duoc thao ra ngau nhien — mot bai la du)
    1 bai tren map nay
    [1/1] Dược Thảo Cấp 4 (2100,1200)
      (lan 1: chua nhan duoc gi)
      (lan 2: chua nhan duoc gi)
      (lan 3: chua nhan duoc gi)
      (lan 4: chua nhan duoc gi)
      (lan 5: chua nhan duoc gi)
      (lan 6: chua nhan duoc gi)
      (lan 7: chua nhan duoc gi)
      (lan 8: chua nhan duoc gi)
        -> RA: (chua doc duoc)
[9/9] Vân Lộc Sơn  (BMx: cá cấp 5)
      ra (2220,510): (2169,539) toi noi
      ra (1420,1560): (1461,1502) toi noi
      ra (1480,1160): (1476,1296) toi noi
    khong co bai Duoc Thao / Dan Ca tren map nay

===== KET QUA =====
  Dược Thảo Cấp 1      Đông Xuất Vân        (2100,1200)  ->  Mạn Thủy Đằng
  Dược Thảo Cấp 3      Anh Vũ Cảnh          (2100,1200)  ->  ?
  (khong co bai)       Cổ Đạo              
  (khong co bai)       Lê Dương Bắc        
  (khong co bai)       Lê Dương Thôn       
  Dược Thảo Cấp 2      Lê Dương Đảo         (2100,1200)  ->  ?
  (khong co bai)       Quang Bình Nguyên   
  (khong co bai)       Thiên Lục Châu      
  Dược Thảo Cấp 4      Tháp Khắc Nguyên     (2100,1200)  ->  ?
  (khong co bai)       Vân Lộc Sơn         

-> C:\Users\Administrator\Desktop\New folder\fbh_v2_ttt_fixed-20260709T181609Z-2-001\fbh_multi_account_infinite_auto\dev_supervisor_target_a_v2_20260814\configs\spot_products.json
