8 map theo bang BMx (cap 1..5)

[1/8] Cổ Đạo: da co, bo qua
[2/8] Lê Dương Bắc: da co, bo qua
[3/8] Lê Dương Thôn  (BMx: cá cấp 4, dược cấp 4)
      ra (310,250): (450,373) toi noi
      ra (1090,490): (983,468) toi noi
      ra (1850,1000): (1793,968) toi noi
      ra (340,430): (435,478) toi noi
      ra (820,530): (721,515) toi noi
      ra (1900,700): (1799,683) toi noi
      ra (1200,810): (1277,793) toi noi
      ra (1580,1260): (1545,1206) toi noi
      ra (320,1260): (390,1255) toi noi
      ra (990,1340): (906,1327) toi noi
      ra (220,1580): (306,1547) toi noi
      ra (1500,1640): (1432,1633) toi noi
    khong co bai Duoc Thao / Dan Ca tren map nay
[4/8] Lê Dương Đảo  (BMx: dược cấp 2)
      [cho dung] +1 bai (tong 1)
      (duoc thao ra ngau nhien — mot bai la du)
    1 bai tren map nay
    [1/1] Dược Thảo Cấp 2 (2100,1200)
        -> RA: (chua doc duoc)
[5/8] Quang Bình Nguyên  (BMx: cá cấp 3)
      ra (680,480): (636,483) toi noi
      ra (1600,1110): (1561,1086) toi noi
      ra (670,1170): (736,1168) toi noi
    khong co bai Duoc Thao / Dan Ca tren map nay
[6/8] Thiên Lục Châu  (BMx: cá cấp 2)
      ra (1430,310): (1433,358) toi noi
      ra (2080,890): (2040,857) toi noi
      ra (2180,1080): (2043,1131) toi noi
    khong co bai Duoc Thao / Dan Ca tren map nay
[7/8] Tháp Khắc Nguyên  (BMx: dược cấp 4)
      [cho dung] +1 bai (tong 1)
      (duoc thao ra ngau nhien — mot bai la du)
    1 bai tren map nay
    [1/1] Dược Thảo Cấp 4 (2100,1200)
      (lan 1: chua nhan duoc gi)
      (lan 2: chua nhan duoc gi)
      (lan 3: chua nhan duoc gi)
      (lan 4: chua nhan duoc gi)
      (lan 5: chua nhan duoc gi)
      (lan 6: chua nhan duoc gi)
      (lan 7: chua nhan duoc gi)
      (lan 8: chua nhan duoc gi)
        -> RA: (chua doc duoc)
[8/8] Vân Lộc Sơn  (BMx: cá cấp 5)
      ra (2220,510): (2169,539) toi noi
      ra (1420,1560): (1461,1502) toi noi
      ra (1480,1160): (1476,1296) toi noi
    khong co bai Duoc Thao / Dan Ca tren map nay

===== KET QUA =====
  Dược Thảo Cấp 1      Đông Xuất Vân        (2100,1200)  ->  Mạn Thủy Đằng
  Dược Thảo Cấp 3      Anh Vũ Cảnh          (2100,1200)  ->  ?
  (khong co bai)       Cổ Đạo              
  (khong co bai)       Lê Dương Bắc        
  (khong co bai)       Lê Dương Thôn       
  Dược Thảo Cấp 2      Lê Dương Đảo         (2100,1200)  ->  ?
  (khong co bai)       Quang Bình Nguyên   
  (khong co bai)       Thiên Lục Châu      
  Dược Thảo Cấp 4      Tháp Khắc Nguyên     (2100,1200)  ->  ?
  (khong co bai)       Vân Lộc Sơn         

-> C:\Users\Administrator\Desktop\New folder\fbh_v2_ttt_fixed-20260709T181609Z-2-001\fbh_multi_account_infinite_auto\dev_supervisor_target_a_v2_20260814\configs\spot_products.json
