client pid=12304 'CB'

52 map se di qua

[1/52] Xuất Vân Thôn: dang di ...
[1/52] Xuất Vân Thôn: 0/14 node  (chi co: Hoàng Tiểu Nha, Người Tiến Cử, Thương Nhân Đạo Cụ, Thủ Kho, Tiệm Pet Mỹ Mỹ, Tiệm Thuốc Ông Vương, Tiệm Trang Bị Isla, Tiệm Tạp Hóa Ông Triệu, Tiệm Vũ Khí A Nhĩ, Trưởng Thôn Stoff, Tân Thủ Sứ, Vân Đài, Vệ Sĩ Xuất Vân)
[2/52] Đông Xuất Vân: da co, bo qua
[3/52] Vân Đài: dang di ...
[3/52] Vân Đài: 0/16 node  (chi co: Hoàng Tiểu Nha, Người Tiến Cử, Sứ Giả Viên, Thương Nhân Đạo Cụ, Thợ Săn Vương Ngũ, Thủ Kho, Tiệm Pet Mỹ Mỹ, Tiệm Thuốc Ông Vương, Tiệm Trang Bị Isla, Tiệm Tạp Hóa Ông Triệu, Tiệm Vũ Khí A Nhĩ, Trưởng Thôn Stoff, Tân Thủ Sứ, Vân Đài, Vệ Sĩ Xuất Vân)
[4/52] Thiện Tĩnh Địa: dang di ...
[4/52] Thiện Tĩnh Địa: 0/1 node  (chi co: Trưởng Lão Vô Ưu Tộc)
[5/52] Lê Dương Thôn: dang di ...
[5/52] Lê Dương Thôn: 0/3 node  (chi co: Lan Lan, Lão Ngư Phu, Vệ Sĩ)
[6/52] Lê Dương Nam: dang di ...
[6/52] Lê Dương Nam: 0/4 node  (chi co: Cận Vệ Đông Huyền, Thương Nhân Thần Bí, Tượng Đá)
[7/52] Quân Cổ Đạo: dang di ...
[7/52] Quân Cổ Đạo: 1/6 node -> Gấm Vóc x1
[8/52] Tháp Khắc Nguyên: dang di ...
[8/52] Tháp Khắc Nguyên: 1/7 node -> Dược Thảo Cấp 4 x1
[9/52] Đông Huyền Thành: dang di ...
[9/52] Đông Huyền Thành: 0/41 node  (chi co: Bác Sĩ Lý, Chuyên Viên Phúc Lợi, Chuyên Viên Thương Mại, Cận Vệ Cảng, Hướng Dẫn Viên Ryan, Khảo Quan Đánh Giá Xếp Loại Nghề, Nghiên Cứu Gia XX, Nhà Hàng Âu Dương, Nhận Nhiệm Vụ Treo Thưởng, Quân Đoàn Trưởng Đông Huyền, Quản Lý Bang Hội Chiến, Quản Lý Đấu Giá, Quản lý Chuyển Dịch Bang Hội, Shop Điểm Thưởng Giác Đấu, Sứ Giả Bí Cảnh, Sứ Giả Danh Hiệu, Sứ Giả Thi Câu Cá, Sứ Giả Thủ Hộ Jery, Sứ Giả Vương Đình, Sứ Giả Đoạt Bảo Kỳ Binh, Sứ Giả Đổi Thần Thú, Sứ Giả Ảo Cảnh, Thùng Thư Đông Huyền, Thương Hội Trưởng Đông Huyền, Thủ Thư, Tiến Sĩ Ultra, Tiểu Phương, Tiệm Pet Tôn Lệ, Tiệm Thuốc Bác Sĩ Vương, Tiệm Trang Bị Mary, Tiệm Trang Sức Khả Vi Nhi, Tiệm Tạp Hóa Ông Mộ, Tiệm Vũ Khí Mark, Trưởng Cận Vệ Đông Huyền, Tộc Trưởng Bối Tư, Vệ Sĩ Gia Tộc, Y Tá Vương, Đông Huyền Sứ, 湁⁨o庈ª譐)
[10/52] Tinh Linh Thành: dang di ...
[10/52] Tinh Linh Thành: 0/57 node  (chi co: Bác Sĩ Lý, Chuyên Viên Phúc Lợi, Chuyên Viên Thương Mại, Chủ Tiệm Tạp Hóa, Cận Vệ Cảng, Dược Sĩ, Hướng Dẫn Viên Ryan, Khảo Quan Đánh Giá Xếp Loại Nghề, Nghiên Cứu Gia XX, Nghệ Nhân Kết Trái Cây, Nhà Hàng Âu Dương, Nhận Nhiệm Vụ Treo Thưởng, Quân Đoàn Trưởng Đông Huyền, Quản Lý Bang Hội Chiến, Quản Lý Đấu Giá, Quản lý Chuyển Dịch Bang Hội, Shop Điểm Thưởng Giác Đấu, Sứ Giả Bí Cảnh, Sứ Giả Danh Hiệu, Sứ Giả Thi Câu Cá, Sứ Giả Thủ Hộ Jery, Sứ Giả Vương Đình, Sứ Giả Đoạt Bảo Kỳ Binh, Sứ Giả Đổi Thần Thú, Sứ Giả Ảo Cảnh, Thành Chủ Tinh Linh, Thánh Sứ Kết Bái, Thùng Thư Đông Huyền, Thương Hội Trưởng Đông Huyền, Thủ Thư, Tinh Linh Dịch Chuyển, Tiến Sĩ Ultra, Tiểu Phương, Tiệm Pet Amy, Tiệm Pet Tôn Lệ, Tiệm Thuốc Bác Sĩ Vương, Tiệm Thuốc Cammy, Tiệm Trang Bị Lisa, Tiệm Trang Bị Mary, Tiệm Trang Sức Khả Vi Nhi, Tiệm Trang Sức Văn Văn, Tiệm Tạp Hóa Ông Mộ, Tiệm Vũ Khí Madoff, Tiệm Vũ Khí Mark, Trưởng Cận Vệ Đông Huyền, Trưởng Thương Hội Tinh Linh, Tộc Trưởng Bối Tư, Vệ Sĩ Gia Tộc, Vệ Sĩ Tinh Linh, Y Tá Vương, Đông Huyền Sứ, Đại Hiền Triết Fetocci, Đại Sứ Quảng Bá Hội Vui Chơi, 湁⁨o庈ª譐)
[11/52] Linh Vũ Tộc: dang di ...
[11/52] Linh Vũ Tộc: 0/3 node  (chi co: Dược Liệu Qúy Linh Vũ, Tinh Linh Dịch Chuyển Linh Vũ, Đạo Sư Linh Vũ)
[12/52] Bàn Địa Tộc: dang di ...
[12/52] Bàn Địa Tộc: 0/4 node  (chi co: Artix, Dược Liệu Qúy Bàn Địa, Tinh Linh Dịch Chuyển Bàn Địa, Đạo Sư Bàn Địa)
[13/52] Liêu Vân Tộc: dang di ...
