client pid=15368 'CB'

52 map se di qua

[1/52] Xuất Vân Thôn: dang di ...
[1/52] Xuất Vân Thôn: 3 node -> Da Thú x1, Hoa Quả x2
[2/52] Đông Xuất Vân: dang di ...
[2/52] Đông Xuất Vân: 4 node -> Hoa Quả x2, Khoáng Thạch x1, Nấm Tươi x1
[3/52] Vân Đài: dang di ...
[3/52] Vân Đài: 2 node -> Da Thú x1, Khoáng Thạch x1
[4/52] Thiện Tĩnh Địa: dang di ...
[4/52] Thiện Tĩnh Địa: 2 node -> Khoáng Thạch x1, Nấm Tươi x1
[5/52] Lê Dương Thôn: dang di ...
[5/52] Lê Dương Thôn: 7 node -> Da Thú x1, Khoáng Thạch x2, Nấm Tươi x4
[6/52] Lê Dương Nam: dang di ...
[6/52] Lê Dương Nam: 10 node -> Da Thú x2, Hoa Quả x2, Khoáng Thạch x2, Lông Thú x1, Nấm Tươi x3
[7/52] Quân Cổ Đạo: dang di ...
[7/52] Quân Cổ Đạo: khong co node nao
[8/52] Tháp Khắc Nguyên: dang di ...
[8/52] Tháp Khắc Nguyên: 6 node -> Hoa Quả x2, Khoáng Thạch x1, Nấm Tươi x3
[9/52] Đông Huyền Thành: dang di ...
[9/52] Đông Huyền Thành: 21 node -> Da Thú x10, Gỗ x1, Hoa Quả x3, Lông Thú x1, Nấm Tươi x6
[10/52] Tinh Linh Thành: dang di ...
[10/52] Tinh Linh Thành: 5 node -> Da Thú x2, Hoa Quả x1, Nấm Tươi x2
[11/52] Linh Vũ Tộc: dang di ...
[11/52] Linh Vũ Tộc: 2 node -> Da Thú x1, Lông Thú x1
[12/52] Bàn Địa Tộc: dang di ...
[12/52] Bàn Địa Tộc: 3 node -> Lông Thú x2, Nấm Tươi x1
[13/52] Liêu Vân Tộc: dang di ...
[13/52] Liêu Vân Tộc: 1 node -> Nấm Tươi x1
[14/52] Hư Không Mạc: dang di ...
[14/52] Hư Không Mạc: 7 node -> Hoa Quả x6, Khoáng Thạch x1
[15/52] Lê Dương Bắc: da co, bo qua
[16/52] Ngọc Phong Lâm: dang di ...
[16/52] Ngọc Phong Lâm: 11 node -> Hoa Quả x8, Khoáng Thạch x1, Nấm Tươi x2
[17/52] Lê Dương Đảo: dang di ...
[17/52] Lê Dương Đảo: 5 node -> Hoa Quả x3, Khoáng Thạch x1, Lông Thú x1
[18/52] Kỳ Thạch Địa: dang di ...
[18/52] Kỳ Thạch Địa: 3 node -> Hoa Quả x1, Khoáng Ngọc x1, Khoáng Thạch x1
[19/52] Linh Lan: dang di ...
[19/52] Linh Lan: 3 node -> Hoa Quả x1, Khoáng Thạch x1, Nấm Tươi x1
[20/52] Thánh Ước Địa: dang di ...
[20/52] Thánh Ước Địa: 4 node -> Da Thú x1, Khoáng Thạch x2, Nấm Tươi x1
[21/52] Chỉ Phong Cốc: dang di ...
[21/52] Chỉ Phong Cốc: 2 node -> Hoa Quả x1, Khoáng Thạch x1
[22/52] Tuyết Lâm: dang di ...
[22/52] Tuyết Lâm: 2 node -> Hoa Quả x1, Khoáng Thạch x1
[23/52] Phục Ma Cốc: dang di ...
[23/52] Phục Ma Cốc: 2 node -> Hoa Quả x1, Khoáng Thạch x1
[24/52] Hộ Chi Địa: dang di ...
[24/52] Hộ Chi Địa: 2 node -> Khoáng Thạch x1, Nấm Tươi x1
[25/52] Lưu Hỏa Tộc: dang di ...
[25/52] Lưu Hỏa Tộc: 2 node -> Khoáng Thạch x1, Nấm Tươi x1
[26/52] Quang Bình Nguyên: dang di ...
[26/52] Quang Bình Nguyên: 5 node -> Hoa Quả x2, Khoáng Thạch x1, Nấm Tươi x2
[27/52] Trầm Thụy Lâm: dang di ...
[27/52] Trầm Thụy Lâm: 8 node -> Hoa Quả x5, Khoáng Thạch x1, Nấm Tươi x2
[28/52] Vân Lộc Sơn: dang di ...
[28/52] Vân Lộc Sơn: 5 node -> Hoa Quả x1, Khoáng Thạch x1, Nấm Tươi x3
[29/52] Mê Quang Tự: dang di ...
[29/52] Mê Quang Tự: 2 node -> Da Thú x1, Khoáng Thạch x1
[30/52] Quyến Cố Thành: dang di ...
[30/52] Quyến Cố Thành: 5 node -> Da Thú x4, Nấm Tươi x1
[31/52] Tiên Lạp Thành: dang di ...
[31/52] Tiên Lạp Thành: 8 node -> Da Thú x2, Hoa Quả x2, Lông Thú x1, Nấm Tươi x3
[32/52] Thiên Khung Tộc: dang di ...
[32/52] Thiên Khung Tộc: 7 node -> Da Thú x1, Hoa Quả x2, Lông Thú x1, Nấm Tươi x3
[33/52] Lạp Tuyết Địa: dang di ...
[33/52] Lạp Tuyết Địa: 9 node -> Hoa Quả x4, Khoáng Thạch x1, Nấm Tươi x4
[34/52] Anh Vũ Cảnh: dang di ...
[34/52] Anh Vũ Cảnh: 7 node -> Gỗ Tốt x1, Hoa Quả x3, Khoáng Thạch x1, Nấm Tươi x2
[35/52] Băng Tuyết Nguyên: dang di ...
[35/52] Băng Tuyết Nguyên: 6 node -> Gỗ x1, Hoa Quả x2, Khoáng Thạch x2, Lông Thú x1
[36/52] Thần Di Cảnh: dang di ...
[36/52] Thần Di Cảnh: 2 node -> Khoáng Thạch x1, Lông Thú x1
[37/52] Cổ Thành: dang di ...
[37/52] Cổ Thành: 3 node -> Khoáng Thạch x2, Lông Thú x1
[38/52] Bàng Bối Thành: dang di ...
[38/52] Bàng Bối Thành: 6 node -> Da Thú x2, Hoa Quả x3, Nấm Tươi x1
[39/52] Huyền Lâm Tộc: dang di ...
[39/52] Huyền Lâm Tộc: khong co node nao
[40/52] Thiên Lục Châu: dang di ...
[40/52] Thiên Lục Châu: 7 node -> Hoa Quả x5, Khoáng Thạch x1, Nấm Tươi x1
[41/52] Kỵ Bình Nguyên: dang di ...
[41/52] Kỵ Bình Nguyên: 9 node -> Hoa Quả x4, Khoáng Thạch x1, Nấm Tươi x4
[42/52] Cổ Đạo: dang di ...
[42/52] Cổ Đạo: 14 node -> Hoa Quả x8, Khoáng Thạch x2, Nấm Tươi x4
[43/52] Đoạn Cốc: dang di ...
[43/52] Đoạn Cốc: 2 node -> Hoa Quả x1, Khoáng Thạch x1
[44/52] Đăng Vân Địa: dang di ...
[44/52] Đăng Vân Địa: 1 node -> Da Thú x1
[45/52] Điêu Linh Thôn: dang di ...
[45/52] Điêu Linh Thôn: 2 node -> Hoa Quả x1, Nấm Tươi x1
[46/52] Mị Hoặc Lâm: dang di ...
[46/52] Mị Hoặc Lâm: 2 node -> Hoa Quả x1, Nấm Tươi x1
[47/52] Tử Tức Đảo: dang di ...
[47/52] Tử Tức Đảo: 2 node -> Da Thú x1, Khoáng Thạch x1
[48/52] Vĩnh Dạ Cảng: dang di ...
[48/52] Vĩnh Dạ Cảng: 1 node -> Khoáng Thạch x1
[49/52] Mã Thạch Tuyết: dang di ...
[49/52] Mã Thạch Tuyết: 1 node -> Khoáng Thạch x1
[50/52] Thiên Đường Thần Thánh: dang di ...
[50/52] Thiên Đường Thần Thánh: khong co node nao
[51/52] Thiên Không Thành: dang di ...
[51/52] Thiên Không Thành: khong co node nao
[52/52] Thành Phố Chìm: dang di ...
[52/52] Thành Phố Chìm: 1 node -> Khoáng Thạch x1

xong -> C:\Users\Administrator\Desktop\New folder\fbh_v2_ttt_fixed-20260709T181609Z-2-001\fbh_multi_account_infinite_auto\dev_supervisor_target_a_v2_20260814\configs\gather_nodes.json

===== tong hop theo loai =====

Đào khoáng (khoang):
   -        Anh Vũ Cảnh            1 bãi
   -        Băng Tuyết Nguyên      2 bãi
   -        Chỉ Phong Cốc          1 bãi
   -        Cổ Thành               2 bãi
   -        Cổ Đạo                 2 bãi
   -        Hư Không Mạc           1 bãi
   -        Hộ Chi Địa             1 bãi
   -        Kỳ Thạch Địa           2 bãi
   -        Kỵ Bình Nguyên         1 bãi
   -        Linh Lan               1 bãi
   -        Lê Dương Bắc           1 bãi
   -        Lê Dương Nam           2 bãi
   -        Lê Dương Thôn          2 bãi
   -        Lê Dương Đảo           1 bãi
   -        Lưu Hỏa Tộc            1 bãi
   -        Lạp Tuyết Địa          1 bãi
   -        Mã Thạch Tuyết         1 bãi
   -        Mê Quang Tự            1 bãi
   -        Ngọc Phong Lâm         1 bãi
   -        Phục Ma Cốc            1 bãi
   -        Quang Bình Nguyên      1 bãi
   -        Thiên Lục Châu         1 bãi
   -        Thiện Tĩnh Địa         1 bãi
   -        Thành Phố Chìm         1 bãi
   -        Thánh Ước Địa          2 bãi
   -        Tháp Khắc Nguyên       1 bãi
   -        Thần Di Cảnh           1 bãi
   -        Trầm Thụy Lâm          1 bãi
   -        Tuyết Lâm              1 bãi
   -        Tử Tức Đảo             1 bãi
   -        Vân Lộc Sơn            1 bãi
   -        Vân Đài                1 bãi
   -        Vĩnh Dạ Cảng           1 bãi
   -        Đoạn Cốc               1 bãi
   -        Đông Xuất Vân          1 bãi

Hoa quả (hoaqua):
   -        Anh Vũ Cảnh            5 bãi
   -        Bàn Địa Tộc            1 bãi
   -        Bàng Bối Thành         4 bãi
   -        Băng Tuyết Nguyên      2 bãi
   -        Chỉ Phong Cốc          1 bãi
   -        Cổ Đạo                 12 bãi
   -        Hư Không Mạc           6 bãi
   -        Hộ Chi Địa             1 bãi
   -        Kỳ Thạch Địa           1 bãi
   -        Kỵ Bình Nguyên         8 bãi
   -        Linh Lan               2 bãi
   -        Liêu Vân Tộc           1 bãi
   -        Lê Dương Bắc           2 bãi
   -        Lê Dương Nam           5 bãi
   -        Lê Dương Thôn          4 bãi
   -        Lê Dương Đảo           3 bãi
   -        Lưu Hỏa Tộc            1 bãi
   -        Lạp Tuyết Địa          8 bãi
   -        Mị Hoặc Lâm            2 bãi
   -        Ngọc Phong Lâm         10 bãi
   -        Phục Ma Cốc            1 bãi
   -        Quang Bình Nguyên      4 bãi
   -        Quyến Cố Thành         1 bãi
   -        Thiên Khung Tộc        5 bãi
   -        Thiên Lục Châu         6 bãi
   -        Thiện Tĩnh Địa         1 bãi
   -        Thánh Ước Địa          1 bãi
   -        Tháp Khắc Nguyên       5 bãi
   -        Tinh Linh Thành        3 bãi
   -        Tiên Lạp Thành         5 bãi
   -        Trầm Thụy Lâm          7 bãi
   -        Tuyết Lâm              1 bãi
   -        Vân Lộc Sơn            4 bãi
   -        Xuất Vân Thôn          2 bãi
   -        Điêu Linh Thôn         2 bãi
   -        Đoạn Cốc               1 bãi
   -        Đông Huyền Thành       9 bãi
   -        Đông Xuất Vân          3 bãi

Da / lông thú (da):
   -        Bàn Địa Tộc            2 bãi
   -        Bàng Bối Thành         2 bãi
   -        Băng Tuyết Nguyên      1 bãi
   -        Cổ Thành               1 bãi
   -        Linh Vũ Tộc            2 bãi
   -        Lê Dương Bắc           2 bãi
   -        Lê Dương Nam           3 bãi
   -        Lê Dương Thôn          1 bãi
   -        Lê Dương Đảo           1 bãi
   -        Mê Quang Tự            1 bãi
   -        Quyến Cố Thành         4 bãi
   -        Thiên Khung Tộc        2 bãi
   -        Thánh Ước Địa          1 bãi
   -        Thần Di Cảnh           1 bãi
   -        Tinh Linh Thành        2 bãi
   -        Tiên Lạp Thành         3 bãi
   -        Tử Tức Đảo             1 bãi
   -        Vân Đài                1 bãi
   -        Xuất Vân Thôn          1 bãi
   -        Đông Huyền Thành       11 bãi
   -        Đăng Vân Địa           1 bãi

Chặt gỗ (go):
   -        Anh Vũ Cảnh            1 bãi
   -        Băng Tuyết Nguyên      1 bãi
   -        Đông Huyền Thành       1 bãi
