WATCH_SET ok=true id=table: 000000000A4A8EB0
TIME=2026-08-12 00:17:10 IP=1296A442 PREV=1296A43A OP=1296A43A - 66 0FD6 83 50010000  - movq [ebx+00000150],xmm0
THREADID=58FC EAX=4 EDX=5B0000 ECX=5 EDI=1C0FE208 EIP=1296A442 ESP=68E61C ESI=113E EBP=68E664 EFLAGS=293 EBX=217430A0 
---
TIME=2026-08-12 00:17:10 IP=1296A442 PREV=1296A43A OP=1296A43A - 66 0FD6 83 50010000  - movq [ebx+00000150],xmm0
THREADID=58FC EAX=4 EDX=5B0000 ECX=5 EDI=1C0FE208 EIP=1296A442 ESP=68E664 ESI=10EE EBP=68E6AC EFLAGS=293 EBX=217430A0 
---
TIME=2026-08-12 00:17:10 IP=1296A442 PREV=1296A43A OP=1296A43A - 66 0FD6 83 50010000  - movq [ebx+00000150],xmm0
THREADID=58FC EAX=4 EDX=5B0000 ECX=5 EDI=1C0FE208 EIP=1296A442 ESP=68E664 ESI=10A6 EBP=68E6AC EFLAGS=293 EBX=217430A0 
---
TIME=2026-08-12 00:17:10 IP=1296A442 PREV=1296A43A OP=1296A43A - 66 0FD6 83 50010000  - movq [ebx+00000150],xmm0
THREADID=58FC EAX=4 EDX=5B0000 ECX=5 EDI=1C0FE208 EIP=1296A442 ESP=68E664 ESI=1056 EBP=68E6AC EFLAGS=293 EBX=217430A0 
---
TIME=2026-08-12 00:17:10 IP=1296A442 PREV=1296A43A OP=1296A43A - 66 0FD6 83 50010000  - movq [ebx+00000150],xmm0
THREADID=58FC EAX=4 EDX=5B0000 ECX=5 EDI=1C0FE208 EIP=1296A442 ESP=68E664 ESI=101E EBP=68E6AC EFLAGS=293 EBX=217430A0 
---
TIME=2026-08-12 00:17:10 IP=1296A442 PREV=1296A43A OP=1296A43A - 66 0FD6 83 50010000  - movq [ebx+00000150],xmm0
THREADID=58FC EAX=4 EDX=5B0000 ECX=5 EDI=1C0FE208 EIP=1296A442 ESP=68E664 ESI=FCE EBP=68E6AC EFLAGS=293 EBX=217430A0 
---
TIME=2026-08-12 00:17:10 IP=1296A442 PREV=1296A43A OP=1296A43A - 66 0FD6 83 50010000  - movq [ebx+00000150],xmm0
THREADID=58FC EAX=4 EDX=5B0000 ECX=5 EDI=1C0FE208 EIP=1296A442 ESP=68E664 ESI=F86 EBP=68E6AC EFLAGS=293 EBX=217430A0 
---
TIME=2026-08-12 00:17:10 IP=1296A442 PREV=1296A43A OP=1296A43A - 66 0FD6 83 50010000  - movq [ebx+00000150],xmm0
THREADID=58FC EAX=4 EDX=5B0000 ECX=5 EDI=1C0FE208 EIP=1296A442 ESP=68E664 ESI=F36 EBP=68E6AC EFLAGS=293 EBX=217430A0 
---
TIME=2026-08-12 00:17:10 IP=1296A442 PREV=1296A43A OP=1296A43A - 66 0FD6 83 50010000  - movq [ebx+00000150],xmm0
THREADID=58FC EAX=4 EDX=5B0000 ECX=5 EDI=1C0FE208 EIP=1296A442 ESP=68E664 ESI=EEE EBP=68E6AC EFLAGS=293 EBX=217430A0 
---
TIME=2026-08-12 00:17:11 IP=1296A442 PREV=1296A43A OP=1296A43A - 66 0FD6 83 50010000  - movq [ebx+00000150],xmm0
THREADID=58FC EAX=4 EDX=5B0000 ECX=5 EDI=1C0FE208 EIP=1296A442 ESP=68E664 ESI=E9E EBP=68E6AC EFLAGS=293 EBX=217430A0 
---
TIME=2026-08-12 00:17:11 IP=1296A442 PREV=1296A43A OP=1296A43A - 66 0FD6 83 50010000  - movq [ebx+00000150],xmm0
THREADID=58FC EAX=4 EDX=5B0000 ECX=5 EDI=1C0FE208 EIP=1296A442 ESP=68E664 ESI=E4E EBP=68E6AC EFLAGS=293 EBX=217430A0 
---
TIME=2026-08-12 00:17:11 IP=1296A442 PREV=1296A43A OP=1296A43A - 66 0FD6 83 50010000  - movq [ebx+00000150],xmm0
THREADID=58FC EAX=4 EDX=5B0000 ECX=5 EDI=1C0FE208 EIP=1296A442 ESP=68E664 ESI=E06 EBP=68E6AC EFLAGS=293 EBX=217430A0 
---
TIME=2026-08-12 00:17:11 IP=1296A442 PREV=1296A43A OP=1296A43A - 66 0FD6 83 50010000  - movq [ebx+00000150],xmm0
THREADID=58FC EAX=4 EDX=5B0000 ECX=5 EDI=1C0FE208 EIP=1296A442 ESP=68E664 ESI=DB6 EBP=68E6AC EFLAGS=293 EBX=217430A0 
---
